Archive member included to satisfy reference by file (symbol)

/home/raymond/gcc-arm-none-eabi-9-2020-q2-update/bin/../lib/gcc/arm-none-eabi/9.3.1/../../../../arm-none-eabi/lib/thumb/v7e-m+fp/hard/libc_nano.a(lib_a-exit.o)
                              /home/raymond/gcc-arm-none-eabi-9-2020-q2-update/bin/../lib/gcc/arm-none-eabi/9.3.1/../../../../arm-none-eabi/lib/thumb/v7e-m+fp/hard/crt0.o (exit)
/home/raymond/gcc-arm-none-eabi-9-2020-q2-update/bin/../lib/gcc/arm-none-eabi/9.3.1/../../../../arm-none-eabi/lib/thumb/v7e-m+fp/hard/libc_nano.a(lib_a-impure.o)
                              /home/raymond/gcc-arm-none-eabi-9-2020-q2-update/bin/../lib/gcc/arm-none-eabi/9.3.1/../../../../arm-none-eabi/lib/thumb/v7e-m+fp/hard/libc_nano.a(lib_a-exit.o) (_global_impure_ptr)
/home/raymond/gcc-arm-none-eabi-9-2020-q2-update/bin/../lib/gcc/arm-none-eabi/9.3.1/../../../../arm-none-eabi/lib/thumb/v7e-m+fp/hard/libc_nano.a(lib_a-init.o)
                              /home/raymond/gcc-arm-none-eabi-9-2020-q2-update/bin/../lib/gcc/arm-none-eabi/9.3.1/../../../../arm-none-eabi/lib/thumb/v7e-m+fp/hard/crt0.o (__libc_init_array)
/home/raymond/gcc-arm-none-eabi-9-2020-q2-update/bin/../lib/gcc/arm-none-eabi/9.3.1/../../../../arm-none-eabi/lib/thumb/v7e-m+fp/hard/libc_nano.a(lib_a-memset.o)
                              /home/raymond/gcc-arm-none-eabi-9-2020-q2-update/bin/../lib/gcc/arm-none-eabi/9.3.1/../../../../arm-none-eabi/lib/thumb/v7e-m+fp/hard/crt0.o (memset)
/home/raymond/gcc-arm-none-eabi-9-2020-q2-update/bin/../lib/gcc/arm-none-eabi/9.3.1/../../../../arm-none-eabi/lib/thumb/v7e-m+fp/hard/libnosys.a(_exit.o)
                              /home/raymond/gcc-arm-none-eabi-9-2020-q2-update/bin/../lib/gcc/arm-none-eabi/9.3.1/../../../../arm-none-eabi/lib/thumb/v7e-m+fp/hard/libc_nano.a(lib_a-exit.o) (_exit)
/home/raymond/gcc-arm-none-eabi-9-2020-q2-update/bin/../lib/gcc/arm-none-eabi/9.3.1/../../../../arm-none-eabi/lib/thumb/v7e-m+fp/hard/libc_nano.a(lib_a-abs.o)
                              _build/nrf_gfx.o (abs)
/home/raymond/gcc-arm-none-eabi-9-2020-q2-update/bin/../lib/gcc/arm-none-eabi/9.3.1/../../../../arm-none-eabi/lib/thumb/v7e-m+fp/hard/libc_nano.a(lib_a-ctype_.o)
                              _build/nrf_log_str_formatter.o (_ctype_)
/home/raymond/gcc-arm-none-eabi-9-2020-q2-update/bin/../lib/gcc/arm-none-eabi/9.3.1/../../../../arm-none-eabi/lib/thumb/v7e-m+fp/hard/libc_nano.a(lib_a-memcpy-stub.o)
                              _build/nrf_log_frontend.o (memcpy)
/home/raymond/gcc-arm-none-eabi-9-2020-q2-update/bin/../lib/gcc/arm-none-eabi/9.3.1/../../../../arm-none-eabi/lib/thumb/v7e-m+fp/hard/libc_nano.a(lib_a-strcpy.o)
                              _build/SEGGER_RTT.o (strcpy)
/home/raymond/gcc-arm-none-eabi-9-2020-q2-update/bin/../lib/gcc/arm-none-eabi/9.3.1/../../../../arm-none-eabi/lib/thumb/v7e-m+fp/hard/libc_nano.a(lib_a-strlen.o)
                              _build/nrf_log_frontend.o (strlen)

Allocating common symbols
Common symbol       size              file

nrf_drv_uart_use_easy_dma
                    0x2               _build/nrf_drv_uart.o
_SEGGER_RTT         0x78              _build/SEGGER_RTT.o

Discarded input sections

 .text          0x0000000000000000        0x0 /home/raymond/gcc-arm-none-eabi-9-2020-q2-update/bin/../lib/gcc/arm-none-eabi/9.3.1/thumb/v7e-m+fp/hard/crti.o
 .data          0x0000000000000000        0x0 /home/raymond/gcc-arm-none-eabi-9-2020-q2-update/bin/../lib/gcc/arm-none-eabi/9.3.1/thumb/v7e-m+fp/hard/crti.o
 .bss           0x0000000000000000        0x0 /home/raymond/gcc-arm-none-eabi-9-2020-q2-update/bin/../lib/gcc/arm-none-eabi/9.3.1/thumb/v7e-m+fp/hard/crti.o
 .data          0x0000000000000000        0x4 /home/raymond/gcc-arm-none-eabi-9-2020-q2-update/bin/../lib/gcc/arm-none-eabi/9.3.1/thumb/v7e-m+fp/hard/crtbegin.o
 .data          0x0000000000000000        0x0 /home/raymond/gcc-arm-none-eabi-9-2020-q2-update/bin/../lib/gcc/arm-none-eabi/9.3.1/../../../../arm-none-eabi/lib/thumb/v7e-m+fp/hard/crt0.o
 .bss           0x0000000000000000        0x0 /home/raymond/gcc-arm-none-eabi-9-2020-q2-update/bin/../lib/gcc/arm-none-eabi/9.3.1/../../../../arm-none-eabi/lib/thumb/v7e-m+fp/hard/crt0.o
 .ARM.extab     0x0000000000000000        0x0 /home/raymond/gcc-arm-none-eabi-9-2020-q2-update/bin/../lib/gcc/arm-none-eabi/9.3.1/../../../../arm-none-eabi/lib/thumb/v7e-m+fp/hard/crt0.o
 .text          0x0000000000000000        0x0 /home/raymond/gcc-arm-none-eabi-9-2020-q2-update/bin/../lib/gcc/arm-none-eabi/9.3.1/../../../../arm-none-eabi/lib/thumb/v7e-m+fp/hard/libc_nano.a(lib_a-exit.o)
 .data          0x0000000000000000        0x0 /home/raymond/gcc-arm-none-eabi-9-2020-q2-update/bin/../lib/gcc/arm-none-eabi/9.3.1/../../../../arm-none-eabi/lib/thumb/v7e-m+fp/hard/libc_nano.a(lib_a-exit.o)
 .bss           0x0000000000000000        0x0 /home/raymond/gcc-arm-none-eabi-9-2020-q2-update/bin/../lib/gcc/arm-none-eabi/9.3.1/../../../../arm-none-eabi/lib/thumb/v7e-m+fp/hard/libc_nano.a(lib_a-exit.o)
[...]
Memory Configuration

Name             Origin             Length             Attributes
FLASH            0x0000000000000000 0x0000000000080000 xr
RAM              0x0000000020000000 0x0000000000008000 xrw
*default*        0x0000000000000000 0xffffffffffffffff

Linker script and memory map


.text           0x0000000000000000     0x3080
 *(.isr_vector)
 .isr_vector    0x0000000000000000      0x200 _build/gcc_startup_nrf52840.o
                0x0000000000000000                __isr_vector
 *(.text*)
 .text          0x0000000000000200       0x40 /home/raymond/gcc-arm-none-eabi-9-2020-q2-update/bin/../lib/gcc/arm-none-eabi/9.3.1/thumb/v7e-m+fp/hard/crtbegin.o
 .text          0x0000000000000240       0x7c /home/raymond/gcc-arm-none-eabi-9-2020-q2-update/bin/../lib/gcc/arm-none-eabi/9.3.1/../../../../arm-none-eabi/lib/thumb/v7e-m+fp/hard/crt0.o
                0x0000000000000240                _stack_init
                0x0000000000000248                _mainCRTStartup
                0x0000000000000248                _start
 .text.exit     0x00000000000002bc       0x28 /home/raymond/gcc-arm-none-eabi-9-2020-q2-update/bin/../lib/gcc/arm-none-eabi/9.3.1/../../../../arm-none-eabi/lib/thumb/v7e-m+fp/hard/libc_nano.a(lib_a-exit.o)
                0x00000000000002bc                exit
 .text.__libc_init_array
                0x00000000000002e4       0x48 /home/raymond/gcc-arm-none-eabi-9-2020-q2-update/bin/../lib/gcc/arm-none-eabi/9.3.1/../../../../arm-none-eabi/lib/thumb/v7e-m+fp/hard/libc_nano.a(lib_a-init.o)
                0x00000000000002e4                __libc_init_array
 .text.memset   0x000000000000032c       0x10 /home/raymond/gcc-arm-none-eabi-9-2020-q2-update/bin/../lib/gcc/arm-none-eabi/9.3.1/../../../../arm-none-eabi/lib/thumb/v7e-m+fp/hard/libc_nano.a(lib_a-memset.o)
                0x000000000000032c                memset
 .text._exit    0x000000000000033c        0x4 /home/raymond/gcc-arm-none-eabi-9-2020-q2-update/bin/../lib/gcc/arm-none-eabi/9.3.1/../../../../arm-none-eabi/lib/thumb/v7e-m+fp/hard/libnosys.a(_exit.o)
                0x000000000000033c                _exit
 .text.nrf_radio_init
                0x0000000000000340       0x88 _build/radio_001.o
                0x0000000000000340                nrf_radio_init
 .text.calc_dist
                0x00000000000003c8       0xec _build/radio_001.o
                0x00000000000003c8                calc_dist
 .text.startup.main
                0x00000000000004b4      0x338 _build/radio_001.o
                0x00000000000004b4                main
 .text.HardFault_Handler
                0x00000000000007ec        0x4 _build/radio_001.o
                0x00000000000007ec                HardFault_Handler
 .text.MemoryManagement_Handler
                0x00000000000007f0        0x4 _build/radio_001.o
                0x00000000000007f0                MemoryManagement_Handler
 .text.BusFault_Handler
                0x00000000000007f4        0x4 _build/radio_001.o
                0x00000000000007f4                BusFault_Handler
 .text.UsageFault_Handler
                0x00000000000007f8        0x4 _build/radio_001.o
                0x00000000000007f8                UsageFault_Handler
 .text.SystemInit
                0x00000000000007fc      0x144 _build/system_nrf52840.o
                0x00000000000007fc                SystemInit
 .text.nrf_log_backend_serial_put
                0x0000000000000940       0xd8 _build/nrf_log_backend_serial.o
                0x0000000000000940                nrf_log_backend_serial_put
 .text.uart_evt_handler
                0x0000000000000a18        0xc _build/nrf_log_backend_uart.o
 .text.nrf_log_backend_uart_flush
                0x0000000000000a24        0x4 _build/nrf_log_backend_uart.o
 .text.nrf_log_backend_uart_put
                0x0000000000000a28       0x20 _build/nrf_log_backend_uart.o
 .text.serial_tx
                0x0000000000000a48       0x4c _build/nrf_log_backend_uart.o
 .text.nrf_log_backend_uart_panic_set
                0x0000000000000a94       0x7c _build/nrf_log_backend_uart.o
 .text.nrf_log_backend_uart_init
                0x0000000000000b10       0x68 _build/nrf_log_backend_uart.o
                0x0000000000000b10                nrf_log_backend_uart_init
 .text.nrf_log_default_backends_init
                0x0000000000000b78       0x20 _build/nrf_log_default_backends.o
                0x0000000000000b78                nrf_log_default_backends_init
 .text.nrf_log_init
                0x0000000000000b98       0x40 _build/nrf_log_frontend.o
                0x0000000000000b98                nrf_log_init
 .text.nrf_log_module_name_get
                0x0000000000000bd8       0x48 _build/nrf_log_frontend.o
                0x0000000000000bd8                nrf_log_module_name_get
 .text.nrf_log_color_id_get
                0x0000000000000c20       0x2c _build/nrf_log_frontend.o
                0x0000000000000c20                nrf_log_color_id_get
 .text.nrf_log_frontend_dequeue
                0x0000000000000c4c      0x26c _build/nrf_log_frontend.o
                0x0000000000000c4c                nrf_log_frontend_dequeue
 .text.nrf_log_frontend_std_0
                0x0000000000000eb8      0x198 _build/nrf_log_frontend.o
                0x0000000000000eb8                nrf_log_frontend_std_0
 .text.nrf_log_frontend_std_4
                0x0000000000001050      0x1d8 _build/nrf_log_frontend.o
                0x0000000000001050                nrf_log_frontend_std_4
 .text.nrf_log_backend_add
                0x0000000000001228       0x5c _build/nrf_log_frontend.o
                0x0000000000001228                nrf_log_backend_add
 .text.nrf_log_panic
                0x0000000000001284       0x2c _build/nrf_log_frontend.o
                0x0000000000001284                nrf_log_panic
 .text.prefix_process
                0x00000000000012b0       0x80 _build/nrf_log_str_formatter.o
 .text.nrf_log_std_entry_process
                0x0000000000001330       0xf0 _build/nrf_log_str_formatter.o
                0x0000000000001330                nrf_log_std_entry_process
 .text.nrf_log_hexdump_entry_process
                0x0000000000001420       0xfc _build/nrf_log_str_formatter.o
                0x0000000000001420                nrf_log_hexdump_entry_process
 .text.app_error_handler_bare
                0x000000000000151c       0x20 _build/app_error.o
                0x000000000000151c                app_error_handler_bare
 .text.app_error_fault_handler
                0x000000000000153c       0x70 _build/app_error_weak.o
                0x000000000000153c                app_error_fault_handler
 .text.app_util_critical_region_enter
                0x00000000000015ac       0x10 _build/app_util_platform.o
                0x00000000000015ac                app_util_critical_region_enter
 .text.app_util_critical_region_exit
                0x00000000000015bc       0x14 _build/app_util_platform.o
                0x00000000000015bc                app_util_critical_region_exit
 .text.nrf_atomic_u32_fetch_store
                0x00000000000015d0       0x1c _build/nrf_atomic.o
                0x00000000000015d0                nrf_atomic_u32_fetch_store
 .text.nrf_atomic_u32_add
                0x00000000000015ec       0x1c _build/nrf_atomic.o
                0x00000000000015ec                nrf_atomic_u32_add
 .text.nrf_atomic_u32_sub
                0x0000000000001608       0x1c _build/nrf_atomic.o
                0x0000000000001608                nrf_atomic_u32_sub
 .text.nrf_atomic_flag_set
                0x0000000000001624       0x20 _build/nrf_atomic.o
                0x0000000000001624                nrf_atomic_flag_set
 .text.nrf_atomic_flag_clear_fetch
                0x0000000000001644       0x20 _build/nrf_atomic.o
                0x0000000000001644                nrf_atomic_flag_clear_fetch
 .text.nrf_balloc_init
                0x0000000000001664       0x38 _build/nrf_balloc.o
                0x0000000000001664                nrf_balloc_init
 .text.nrf_balloc_alloc
                0x000000000000169c       0x4c _build/nrf_balloc.o
                0x000000000000169c                nrf_balloc_alloc
 .text.nrf_balloc_free
                0x00000000000016e8       0x2c _build/nrf_balloc.o
                0x00000000000016e8                nrf_balloc_free
 .text.nrf_fprintf_buffer_flush
                0x0000000000001714       0x18 _build/nrf_fprintf.o
                0x0000000000001714                nrf_fprintf_buffer_flush
 .text.nrf_fprintf
                0x000000000000172c       0x20 _build/nrf_fprintf.o
                0x000000000000172c                nrf_fprintf
 .text.unsigned_print
                0x000000000000174c      0x14c _build/nrf_fprintf_format.o
 .text.nrf_fprintf_fmt
                0x0000000000001898      0x5cc _build/nrf_fprintf_format.o
                0x0000000000001898                nrf_fprintf_fmt
 .text.nrf_memobj_pool_init
                0x0000000000001e64        0x4 _build/nrf_memobj.o
                0x0000000000001e64                nrf_memobj_pool_init
 .text.nrf_memobj_alloc
                0x0000000000001e68       0x94 _build/nrf_memobj.o
                0x0000000000001e68                nrf_memobj_alloc
 .text.nrf_memobj_get
                0x0000000000001efc        0x8 _build/nrf_memobj.o
                0x0000000000001efc                nrf_memobj_get
 .text.nrf_memobj_put
                0x0000000000001f04       0x58 _build/nrf_memobj.o
                0x0000000000001f04                nrf_memobj_put
 .text.nrf_memobj_write
                0x0000000000001f5c       0x68 _build/nrf_memobj.o
                0x0000000000001f5c                nrf_memobj_write
 .text.nrf_memobj_read
                0x0000000000001fc4       0x68 _build/nrf_memobj.o
                0x0000000000001fc4                nrf_memobj_read
 .text.nrf_ringbuf_init
                0x000000000000202c       0x1c _build/nrf_ringbuf.o
                0x000000000000202c                nrf_ringbuf_init
 .text.uarte_evt_handler
                0x0000000000002048       0x34 _build/nrf_drv_uart.o
 .text.uart_evt_handler
                0x000000000000207c       0x34 _build/nrf_drv_uart.o
 .text.nrf_drv_uart_init
                0x00000000000020b0       0x88 _build/nrf_drv_uart.o
                0x00000000000020b0                nrf_drv_uart_init
 .text.POWER_CLOCK_IRQHandler
                0x0000000000002138       0x6c _build/nrfx_clock.o
                0x0000000000002138                POWER_CLOCK_IRQHandler
 .text.UARTE0_UART0_IRQHandler
                0x00000000000021a4        0xc _build/nrfx_prs.o
                0x00000000000021a4                UARTE0_UART0_IRQHandler
 .text.nrfx_prs_acquire
                0x00000000000021b0       0x3c _build/nrfx_prs.o
                0x00000000000021b0                nrfx_prs_acquire
 .text.nrfx_prs_release
                0x00000000000021ec       0x18 _build/nrfx_prs.o
                0x00000000000021ec                nrfx_prs_release
 .text.SPIM0_SPIS0_TWIM0_TWIS0_SPI0_TWI0_IRQHandler
                0x0000000000002204       0x78 _build/nrfx_spim.o
                0x0000000000002204                SPIM0_SPIS0_TWIM0_TWIS0_SPI0_TWI0_IRQHandler
 .text.nrfx_uart_0_irq_handler
                0x000000000000227c      0x1c0 _build/nrfx_uart.o
                0x000000000000227c                nrfx_uart_0_irq_handler
 .text.nrfx_uart_init
                0x000000000000243c      0x1e8 _build/nrfx_uart.o
                0x000000000000243c                nrfx_uart_init
 .text.nrfx_uart_uninit
                0x0000000000002624       0xfc _build/nrfx_uart.o
                0x0000000000002624                nrfx_uart_uninit
 .text.nrfx_uart_tx
                0x0000000000002720       0xd0 _build/nrfx_uart.o
                0x0000000000002720                nrfx_uart_tx
 .text.nrfx_uarte_0_irq_handler
                0x00000000000027f0      0x12c _build/nrfx_uarte.o
                0x00000000000027f0                nrfx_uarte_0_irq_handler
 .text.nrfx_uarte_init
                0x000000000000291c      0x210 _build/nrfx_uarte.o
                0x000000000000291c                nrfx_uarte_init
 .text.nrfx_uarte_uninit
                0x0000000000002b2c      0x104 _build/nrfx_uarte.o
                0x0000000000002b2c                nrfx_uarte_uninit
 .text.nrfx_uarte_tx
                0x0000000000002c30       0xa8 _build/nrfx_uarte.o
                0x0000000000002c30                nrfx_uarte_tx
 .text.timer0_capture_init
                0x0000000000002cd8       0x40 _build/timer.o
                0x0000000000002cd8                timer0_capture_init
 .text          0x0000000000002d18       0x3c _build/gcc_startup_nrf52840.o
                0x0000000000002d18                Reset_Handler
                0x0000000000002d40                NMI_Handler
                0x0000000000002d4a                SVC_Handler
                0x0000000000002d4c                DebugMon_Handler
                0x0000000000002d4e                PendSV_Handler
                0x0000000000002d50                SysTick_Handler
                0x0000000000002d52                TIMER2_IRQHandler
                0x0000000000002d52                RTC0_IRQHandler
                0x0000000000002d52                SWI0_EGU0_IRQHandler
                0x0000000000002d52                SWI2_EGU2_IRQHandler
                0x0000000000002d52                GPIOTE_IRQHandler
                0x0000000000002d52                PWM1_IRQHandler
                0x0000000000002d52                RADIO_IRQHandler
                0x0000000000002d52                PDM_IRQHandler
                0x0000000000002d52                TEMP_IRQHandler
                0x0000000000002d52                QDEC_IRQHandler
                0x0000000000002d52                TIMER3_IRQHandler
                0x0000000000002d52                PWM3_IRQHandler
                0x0000000000002d52                FPU_IRQHandler
                0x0000000000002d52                USBD_IRQHandler
                0x0000000000002d52                TIMER4_IRQHandler
                0x0000000000002d52                CRYPTOCELL_IRQHandler
                0x0000000000002d52                I2S_IRQHandler
                0x0000000000002d52                SWI4_EGU4_IRQHandler
                0x0000000000002d52                TIMER0_IRQHandler
                0x0000000000002d52                UARTE1_IRQHandler
                0x0000000000002d52                TIMER1_IRQHandler
                0x0000000000002d52                SPIM3_IRQHandler
                0x0000000000002d52                PWM2_IRQHandler
                0x0000000000002d52                ECB_IRQHandler
                0x0000000000002d52                SPIM1_SPIS1_TWIM1_TWIS1_SPI1_TWI1_IRQHandler
                0x0000000000002d52                Default_Handler
                0x0000000000002d52                SAADC_IRQHandler
                0x0000000000002d52                CCM_AAR_IRQHandler
                0x0000000000002d52                WDT_IRQHandler
                0x0000000000002d52                SWI5_EGU5_IRQHandler
                0x0000000000002d52                RNG_IRQHandler
                0x0000000000002d52                RTC2_IRQHandler
                0x0000000000002d52                PWM0_IRQHandler
                0x0000000000002d52                SWI3_EGU3_IRQHandler
                0x0000000000002d52                RTC1_IRQHandler
                0x0000000000002d52                SWI1_EGU1_IRQHandler
                0x0000000000002d52                SPIM2_SPIS2_SPI2_IRQHandler
                0x0000000000002d52                NFCT_IRQHandler
                0x0000000000002d52                MWU_IRQHandler
                0x0000000000002d52                QSPI_IRQHandler
                0x0000000000002d52                COMP_LPCOMP_IRQHandler
 .text.memcpy   0x0000000000002d54       0x1c /home/raymond/gcc-arm-none-eabi-9-2020-q2-update/bin/../lib/gcc/arm-none-eabi/9.3.1/../../../../arm-none-eabi/lib/thumb/v7e-m+fp/hard/libc_nano.a(lib_a-memcpy-stub.o)
                0x0000000000002d54                memcpy
 .text          0x0000000000002d70       0x10 /home/raymond/gcc-arm-none-eabi-9-2020-q2-update/bin/../lib/gcc/arm-none-eabi/9.3.1/../../../../arm-none-eabi/lib/thumb/v7e-m+fp/hard/libc_nano.a(lib_a-strlen.o)
                0x0000000000002d70                strlen
 *(.init)
 .init          0x0000000000002d80        0x4 /home/raymond/gcc-arm-none-eabi-9-2020-q2-update/bin/../lib/gcc/arm-none-eabi/9.3.1/thumb/v7e-m+fp/hard/crti.o
                0x0000000000002d80                _init
 .init          0x0000000000002d84        0x8 /home/raymond/gcc-arm-none-eabi-9-2020-q2-update/bin/../lib/gcc/arm-none-eabi/9.3.1/thumb/v7e-m+fp/hard/crtn.o
 *(.fini)
 .fini          0x0000000000002d8c        0x4 /home/raymond/gcc-arm-none-eabi-9-2020-q2-update/bin/../lib/gcc/arm-none-eabi/9.3.1/thumb/v7e-m+fp/hard/crti.o
                0x0000000000002d8c                _fini
 .fini          0x0000000000002d90        0x8 /home/raymond/gcc-arm-none-eabi-9-2020-q2-update/bin/../lib/gcc/arm-none-eabi/9.3.1/thumb/v7e-m+fp/hard/crtn.o
 *crtbegin.o(.ctors)
 *crtbegin?.o(.ctors)
 *(EXCLUDE_FILE(*crtend.o *crtend?.o) .ctors)
 *(SORT_BY_NAME(.ctors.*))
 *(.ctors)
 *crtbegin.o(.dtors)
 *crtbegin?.o(.dtors)
 *(EXCLUDE_FILE(*crtend.o *crtend?.o) .dtors)
 *(SORT_BY_NAME(.dtors.*))
 *(.dtors)
 *(.rodata*)
 .rodata._global_impure_ptr
                0x0000000000002d98        0x4 /home/raymond/gcc-arm-none-eabi-9-2020-q2-update/bin/../lib/gcc/arm-none-eabi/9.3.1/../../../../arm-none-eabi/lib/thumb/v7e-m+fp/hard/libc_nano.a(lib_a-impure.o)
                0x0000000000002d98                _global_impure_ptr
 .rodata.calc_dist.str1.4
                0x0000000000002d9c       0x2f _build/radio_001.o
                                         0x33 (size before relaxing)
 *fill*         0x0000000000002dcb        0x1 
 .rodata.main.str1.4
                0x0000000000002dcc       0x12 _build/radio_001.o
 *fill*         0x0000000000002dde        0x2 
 .rodata        0x0000000000002de0       0x20 _build/nrf_log_backend_uart.o
 .rodata.nrf_log_backend_uart_api
                0x0000000000002e00        0xc _build/nrf_log_backend_uart.o
                0x0000000000002e00                nrf_log_backend_uart_api
 .rodata.str1.4
                0x0000000000002e0c       0x11 _build/nrf_log_default_backends.o
 *fill*         0x0000000000002e1d        0x3 
 .rodata.nrf_log_frontend_dequeue.str1.4
                0x0000000000002e20       0x11 _build/nrf_log_frontend.o
 *fill*         0x0000000000002e31        0x3 
 .rodata.str1.4
                0x0000000000002e34        0x4 _build/nrf_log_frontend.o
 .rodata.m_log_push_ringbuf
                0x0000000000002e38        0xc _build/nrf_log_frontend.o
 .rodata.prefix_process.str1.4
                0x0000000000002e44       0x36 _build/nrf_log_str_formatter.o
 .rodata.nrf_log_std_entry_process.str1.4
                0x0000000000002e7a       0x36 _build/nrf_log_str_formatter.o
                                          0x3 (size before relaxing)
 *fill*         0x0000000000002e7a        0x2 
 .rodata.nrf_log_hexdump_entry_process.str1.4
                0x0000000000002e7c       0x13 _build/nrf_log_str_formatter.o
                                         0x16 (size before relaxing)
 *fill*         0x0000000000002e8f        0x1 
 .rodata.str1.4
                0x0000000000002e90       0x56 _build/nrf_log_str_formatter.o
 *fill*         0x0000000000002ee6        0x2 
 .rodata.m_colors
                0x0000000000002ee8       0x24 _build/nrf_log_str_formatter.o
 .rodata.severity_names
                0x0000000000002f0c       0x14 _build/nrf_log_str_formatter.o
 .rodata.app_error_fault_handler.str1.4
                0x0000000000002f20       0x19 _build/app_error_weak.o
 *fill*         0x0000000000002f39        0x3 
 .rodata._aV2C.7878
                0x0000000000002f3c       0x10 _build/nrf_fprintf_format.o
 .rodata.str1.4
                0x0000000000002f4c        0x4 _build/nrf_gfx.o
 .rodata.str1.4
                0x0000000000002f50        0x6 _build/nrf_drv_clock.o
 *fill*         0x0000000000002f56        0x2 
 .rodata.str1.4
                0x0000000000002f58        0x6 _build/nrfx_clock.o
 *fill*         0x0000000000002f5e        0x2 
 .rodata.str1.4
                0x0000000000002f60        0x4 _build/nrfx_prs.o
 .rodata.str1.4
                0x0000000000002f64        0x5 _build/nrfx_spim.o
 *fill*         0x0000000000002f69        0x3 
 .rodata.str1.4
                0x0000000000002f6c        0x5 _build/nrfx_uart.o
 *fill*         0x0000000000002f71        0x3 
 .rodata.str1.4
                0x0000000000002f74        0x6 _build/nrfx_uarte.o
 .rodata._ctype_
                0x0000000000002f7a      0x101 /home/raymond/gcc-arm-none-eabi-9-2020-q2-update/bin/../lib/gcc/arm-none-eabi/9.3.1/../../../../arm-none-eabi/lib/thumb/v7e-m+fp/hard/libc_nano.a(lib_a-ctype_.o)
                0x0000000000002f7a                _ctype_
 *(.eh_frame*)
 *fill*         0x000000000000307b        0x1 
 .eh_frame      0x000000000000307c        0x0 /home/raymond/gcc-arm-none-eabi-9-2020-q2-update/bin/../lib/gcc/arm-none-eabi/9.3.1/thumb/v7e-m+fp/hard/crtbegin.o
 .eh_frame      0x000000000000307c        0x4 /home/raymond/gcc-arm-none-eabi-9-2020-q2-update/bin/../lib/gcc/arm-none-eabi/9.3.1/thumb/v7e-m+fp/hard/crtend.o

.glue_7         0x0000000000003080        0x0
 .glue_7        0x0000000000003080        0x0 linker stubs

.glue_7t        0x0000000000003080        0x0
 .glue_7t       0x0000000000003080        0x0 linker stubs

.vfp11_veneer   0x0000000000003080        0x0
 .vfp11_veneer  0x0000000000003080        0x0 linker stubs

.v4_bx          0x0000000000003080        0x0
 .v4_bx         0x0000000000003080        0x0 linker stubs

.iplt           0x0000000000003080        0x0
 .iplt          0x0000000000003080        0x0 /home/raymond/gcc-arm-none-eabi-9-2020-q2-update/bin/../lib/gcc/arm-none-eabi/9.3.1/thumb/v7e-m+fp/hard/crtbegin.o

.mem_section_dummy_rom

.log_const_data
                0x0000000000003080       0x40
                0x0000000000003080                PROVIDE (__start_log_const_data = .)
 *(SORT_BY_NAME(.log_const_data*))
 .log_const_data_CLOCK
                0x0000000000003080        0x8 _build/nrfx_clock.o
                0x0000000000003080                m_nrf_log_CLOCK_logs_data_const
 .log_const_data_PRS
                0x0000000000003088        0x8 _build/nrfx_prs.o
                0x0000000000003088                m_nrf_log_PRS_logs_data_const
 .log_const_data_SPIM
                0x0000000000003090        0x8 _build/nrfx_spim.o
                0x0000000000003090                m_nrf_log_SPIM_logs_data_const
 .log_const_data_UART
                0x0000000000003098        0x8 _build/nrfx_uart.o
                0x0000000000003098                m_nrf_log_UART_logs_data_const
 .log_const_data_UARTE
                0x00000000000030a0        0x8 _build/nrfx_uarte.o
                0x00000000000030a0                m_nrf_log_UARTE_logs_data_const
 .log_const_data_app
                0x00000000000030a8        0x8 _build/nrf_log_frontend.o
                0x00000000000030a8                m_nrf_log_app_logs_data_const
 .log_const_data_clock
                0x00000000000030b0        0x8 _build/nrf_drv_clock.o
                0x00000000000030b0                m_nrf_log_clock_logs_data_const
 .log_const_data_gfx
                0x00000000000030b8        0x8 _build/nrf_gfx.o
                0x00000000000030b8                m_nrf_log_gfx_logs_data_const
                0x00000000000030c0                PROVIDE (__stop_log_const_data = .)

.log_backends   0x00000000000030c0       0x10
                [!provide]                        PROVIDE (__start_log_backends = .)
 *(SORT_BY_NAME(.log_backends*))
 .log_backends  0x00000000000030c0       0x10 _build/nrf_log_default_backends.o
                [!provide]                        PROVIDE (__stop_log_backends = .)

.nrf_balloc     0x00000000000030d0       0x14
                [!provide]                        PROVIDE (__start_nrf_balloc = .)
 *(.nrf_balloc)
 .nrf_balloc    0x00000000000030d0       0x14 _build/nrf_log_frontend.o
                0x00000000000030d0                log_mempool
                [!provide]                        PROVIDE (__stop_nrf_balloc = .)

.ARM.extab
 *(.ARM.extab* .gnu.linkonce.armextab.*)
                0x00000000000030e4                __exidx_start = .

.ARM.exidx      0x00000000000030e4        0x8
 *(.ARM.exidx* .gnu.linkonce.armexidx.*)
 .ARM.exidx     0x00000000000030e4        0x8 /home/raymond/gcc-arm-none-eabi-9-2020-q2-update/bin/../lib/gcc/arm-none-eabi/9.3.1/../../../../arm-none-eabi/lib/thumb/v7e-m+fp/hard/crt0.o
                                         0x10 (size before relaxing)
                0x00000000000030ec                __exidx_end = .
                0x00000000000030ec                __etext = .

.rel.dyn        0x00000000000030ec        0x0
 .rel.iplt      0x00000000000030ec        0x0 /home/raymond/gcc-arm-none-eabi-9-2020-q2-update/bin/../lib/gcc/arm-none-eabi/9.3.1/thumb/v7e-m+fp/hard/crtbegin.o

.data           0x0000000020000000      0x188 load address 0x00000000000030ec
                0x0000000020000000                __data_start__ = .
 *(vtable)
 *(.data*)
 .data.impure_data
                0x0000000020000000       0x60 /home/raymond/gcc-arm-none-eabi-9-2020-q2-update/bin/../lib/gcc/arm-none-eabi/9.3.1/../../../../arm-none-eabi/lib/thumb/v7e-m+fp/hard/libc_nano.a(lib_a-impure.o)
 .data.test_frame
                0x0000000020000060       0xff _build/radio_001.o
 *fill*         0x000000002000015f        0x1 
 .data.SystemCoreClock
                0x0000000020000160        0x4 _build/system_nrf52840.o
                0x0000000020000160                SystemCoreClock
 .data.m_uart   0x0000000020000164       0x14 _build/nrf_log_backend_uart.o
                0x0000000020000164                m_uart
 .data.log_backend_cb_uart_log_backend
                0x0000000020000178        0x8 _build/nrf_log_default_backends.o
                0x0000000020000180                . = ALIGN (0x4)
                0x0000000020000180                PROVIDE (__preinit_array_start = .)
 *(.preinit_array)
                0x0000000020000180                PROVIDE (__preinit_array_end = .)
                0x0000000020000180                . = ALIGN (0x4)
                0x0000000020000180                PROVIDE (__init_array_start = .)
 *(SORT_BY_NAME(.init_array.*))
 *(.init_array)
 .init_array    0x0000000020000180        0x4 /home/raymond/gcc-arm-none-eabi-9-2020-q2-update/bin/../lib/gcc/arm-none-eabi/9.3.1/thumb/v7e-m+fp/hard/crtbegin.o
                0x0000000020000184                PROVIDE (__init_array_end = .)
                0x0000000020000184                . = ALIGN (0x4)
                [!provide]                        PROVIDE (__fini_array_start = .)
 *(SORT_BY_NAME(.fini_array.*))
 *(.fini_array)
 .fini_array    0x0000000020000184        0x4 /home/raymond/gcc-arm-none-eabi-9-2020-q2-update/bin/../lib/gcc/arm-none-eabi/9.3.1/thumb/v7e-m+fp/hard/crtbegin.o
                [!provide]                        PROVIDE (__fini_array_end = .)
 *(.jcr*)
                0x0000000020000188                . = ALIGN (0x4)
                0x0000000020000188                __data_end__ = .
LOAD /home/raymond/gcc-arm-none-eabi-9-2020-q2-update/bin/../lib/gcc/arm-none-eabi/9.3.1/thumb/v7e-m+fp/hard/crti.o
LOAD /home/raymond/gcc-arm-none-eabi-9-2020-q2-update/bin/../lib/gcc/arm-none-eabi/9.3.1/thumb/v7e-m+fp/hard/crtbegin.o
LOAD /home/raymond/gcc-arm-none-eabi-9-2020-q2-update/bin/../lib/gcc/arm-none-eabi/9.3.1/../../../../arm-none-eabi/lib/thumb/v7e-m+fp/hard/crt0.o
LOAD /home/raymond/gcc-arm-none-eabi-9-2020-q2-update/bin/../lib/gcc/arm-none-eabi/9.3.1/../../../../arm-none-eabi/lib/thumb/v7e-m+fp/hard/libc_nano.a
LOAD /home/raymond/gcc-arm-none-eabi-9-2020-q2-update/bin/../lib/gcc/arm-none-eabi/9.3.1/../../../../arm-none-eabi/lib/thumb/v7e-m+fp/hard/libnosys.a
LOAD _build/radio_001.o
LOAD _build/system_nrf52840.o
LOAD _build/nrf_log_backend_rtt.o
LOAD _build/nrf_log_backend_serial.o
LOAD _build/nrf_log_backend_uart.o
LOAD _build/nrf_log_default_backends.o
LOAD _build/nrf_log_frontend.o
LOAD _build/nrf_log_str_formatter.o
LOAD _build/boards.o
LOAD _build/app_error.o
LOAD _build/app_error_handler_gcc.o
LOAD _build/app_error_weak.o
LOAD _build/app_util_platform.o
LOAD _build/nrf_assert.o
LOAD _build/nrf_atomic.o
LOAD _build/nrf_balloc.o
LOAD _build/nrf_fprintf.o
LOAD _build/nrf_fprintf_format.o
LOAD _build/nrf_gfx.o
LOAD _build/nrf_memobj.o
LOAD _build/nrf_ringbuf.o
LOAD _build/nrf_strerror.o
LOAD _build/nrf_drv_clock.o
LOAD _build/nrf_drv_spi.o
LOAD _build/nrf_drv_uart.o
LOAD _build/nrf_nvic.o
LOAD _build/nrf_soc.o
LOAD _build/nrfx_atomic.o
LOAD _build/nrfx_clock.o
LOAD _build/nrfx_prs.o
LOAD _build/nrfx_spi.o
LOAD _build/nrfx_spim.o
LOAD _build/nrfx_uart.o
LOAD _build/nrfx_uarte.o
LOAD _build/orkney24pts.o
LOAD _build/orkney8pts.o
LOAD _build/ili9341.o
LOAD _build/st7735.o
LOAD _build/SEGGER_RTT_Syscalls_GCC.o
LOAD _build/SEGGER_RTT_printf.o
LOAD _build/SEGGER_RTT.o
LOAD _build/timer.o
LOAD _build/gcc_startup_nrf52840.o
LOAD /home/raymond/gcc-arm-none-eabi-9-2020-q2-update/bin/../lib/gcc/arm-none-eabi/9.3.1/../../../../arm-none-eabi/lib/thumb/v7e-m+fp/hard/libm.a
START GROUP
LOAD /home/raymond/gcc-arm-none-eabi-9-2020-q2-update/bin/../lib/gcc/arm-none-eabi/9.3.1/thumb/v7e-m+fp/hard/libgcc.a
LOAD /home/raymond/gcc-arm-none-eabi-9-2020-q2-update/bin/../lib/gcc/arm-none-eabi/9.3.1/../../../../arm-none-eabi/lib/thumb/v7e-m+fp/hard/libc_nano.a
END GROUP
START GROUP
LOAD /home/raymond/gcc-arm-none-eabi-9-2020-q2-update/bin/../lib/gcc/arm-none-eabi/9.3.1/thumb/v7e-m+fp/hard/libgcc.a
LOAD /home/raymond/gcc-arm-none-eabi-9-2020-q2-update/bin/../lib/gcc/arm-none-eabi/9.3.1/../../../../arm-none-eabi/lib/thumb/v7e-m+fp/hard/libc_nano.a
END GROUP
LOAD /home/raymond/gcc-arm-none-eabi-9-2020-q2-update/bin/../lib/gcc/arm-none-eabi/9.3.1/thumb/v7e-m+fp/hard/crtend.o
LOAD /home/raymond/gcc-arm-none-eabi-9-2020-q2-update/bin/../lib/gcc/arm-none-eabi/9.3.1/thumb/v7e-m+fp/hard/crtn.o
START GROUP
LOAD /home/raymond/gcc-arm-none-eabi-9-2020-q2-update/bin/../lib/gcc/arm-none-eabi/9.3.1/thumb/v7e-m+fp/hard/libgcc.a
LOAD /home/raymond/gcc-arm-none-eabi-9-2020-q2-update/bin/../lib/gcc/arm-none-eabi/9.3.1/../../../../arm-none-eabi/lib/thumb/v7e-m+fp/hard/libc.a
LOAD /home/raymond/gcc-arm-none-eabi-9-2020-q2-update/bin/../lib/gcc/arm-none-eabi/9.3.1/../../../../arm-none-eabi/lib/thumb/v7e-m+fp/hard/libnosys.a
END GROUP

.igot.plt       0x0000000020000188        0x0 load address 0x0000000000003274
 .igot.plt      0x0000000020000188        0x0 /home/raymond/gcc-arm-none-eabi-9-2020-q2-update/bin/../lib/gcc/arm-none-eabi/9.3.1/thumb/v7e-m+fp/hard/crtbegin.o

.ARM.__at_DATABASE
                0x0000000020000188      0x800 load address 0x0000000000003274
 .ARM.__at_DATABASE
                0x0000000020000188      0x800 _build/radio_001.o
                0x0000000020000988                . = ALIGN (0x4)

.mem_section_dummy_ram

.log_dynamic_data
                0x0000000020000988        0x0
                0x0000000020000988                PROVIDE (__start_log_dynamic_data = .)
 *(SORT_BY_NAME(.log_dynamic_data*))
                [!provide]                        PROVIDE (__stop_log_dynamic_data = .)

.log_filter_data
                0x0000000020000988        0x0
                [!provide]                        PROVIDE (__start_log_filter_data = .)
 *(SORT_BY_NAME(.log_filter_data*))
                [!provide]                        PROVIDE (__stop_log_filter_data = .)

.fs_data        0x0000000020000988        0x0
                [!provide]                        PROVIDE (__start_fs_data = .)
 *(.fs_data)
                [!provide]                        PROVIDE (__stop_fs_data = .)

.bss            0x0000000020000988      0xfc0 load address 0x0000000000003a78
                0x0000000020000988                . = ALIGN (0x4)
                0x0000000020000988                __bss_start__ = .
 *(.bss*)
 .bss           0x0000000020000988       0x1c /home/raymond/gcc-arm-none-eabi-9-2020-q2-update/bin/../lib/gcc/arm-none-eabi/9.3.1/thumb/v7e-m+fp/hard/crtbegin.o
 *fill*         0x00000000200009a4        0x4 
 .bss.bincnt    0x00000000200009a8      0x800 _build/radio_001.o
 .bss.dbptr     0x00000000200011a8        0x4 _build/radio_001.o
 .bss.highper   0x00000000200011ac        0x4 _build/radio_001.o
 .bss.rx_ignored
                0x00000000200011b0        0x4 _build/radio_001.o
 .bss.rx_pkt_counter
                0x00000000200011b4        0x4 _build/radio_001.o
 .bss.rx_pkt_counter_crcok
                0x00000000200011b8        0x4 _build/radio_001.o
 .bss.rx_test_frame
                0x00000000200011bc      0x100 _build/radio_001.o
 .bss.rx_timeouts
                0x00000000200012bc        0x4 _build/radio_001.o
 .bss.timeout   0x00000000200012c0        0x4 _build/radio_001.o
 .bss.tx_pkt_counter
                0x00000000200012c4        0x4 _build/radio_001.o
 .bss.txcntw    0x00000000200012c8        0x4 _build/radio_001.o
 .bss.m_async_mode
                0x00000000200012cc        0x1 _build/nrf_log_backend_uart.o
 *fill*         0x00000000200012cd        0x3 
 .bss.m_string_buff
                0x00000000200012d0       0x40 _build/nrf_log_backend_uart.o
 .bss.m_xfer_done
                0x0000000020001310        0x1 _build/nrf_log_backend_uart.o
 *fill*         0x0000000020001311        0x3 
 .bss.log_mempool_nrf_balloc_cb
                0x0000000020001314        0x8 _build/nrf_log_frontend.o
 .bss.log_mempool_nrf_balloc_pool_mem
                0x000000002000131c       0xc0 _build/nrf_log_frontend.o
 .bss.log_mempool_nrf_balloc_pool_stack
                0x00000000200013dc        0x8 _build/nrf_log_frontend.o
 *fill*         0x00000000200013e4        0x4 
 .bss.m_log_data
                0x00000000200013e8      0x424 _build/nrf_log_frontend.o
 .bss.m_log_push_ringbuf_buf
                0x000000002000180c       0x80 _build/nrf_log_frontend.o
 .bss.m_log_push_ringbuf_cb
                0x000000002000188c       0x18 _build/nrf_log_frontend.o
 .bss.m_in_critical_region
                0x00000000200018a4        0x4 _build/app_util_platform.o
 .bss.m_contexts
                0x00000000200018a8        0x8 _build/nrf_drv_uart.o
 .bss.m_handlers
                0x00000000200018b0        0x8 _build/nrf_drv_uart.o
 .bss.m_clock_cb
                0x00000000200018b8        0x8 _build/nrfx_clock.o
 .bss.m_prs_box_4
                0x00000000200018c0        0x8 _build/nrfx_prs.o
 .bss.m_cb      0x00000000200018c8       0x24 _build/nrfx_spim.o
 *fill*         0x00000000200018ec        0x4 
 .bss.m_cb      0x00000000200018f0       0x2c _build/nrfx_uart.o
 *fill*         0x000000002000191c        0x4 
 .bss.m_cb      0x0000000020001920       0x24 _build/nrfx_uarte.o
 *(COMMON)
 COMMON         0x0000000020001944        0x2 _build/nrf_drv_uart.o
                0x0000000020001944                nrf_drv_uart_use_easy_dma
                0x0000000020001948                . = ALIGN (0x4)
 *fill*         0x0000000020001946        0x2 
                0x0000000020001948                __bss_end__ = .

.heap           0x0000000020001948     0x2000
                0x0000000020001948                __HeapBase = .
                0x0000000020001948                __end__ = .
                [!provide]                        PROVIDE (end = .)
 *(.heap*)
 .heap          0x0000000020001948     0x2000 _build/gcc_startup_nrf52840.o
                0x0000000020003948                __HeapLimit = .

.stack_dummy    0x0000000020001948     0x2000
 *(.stack*)
 .stack         0x0000000020001948     0x2000 _build/gcc_startup_nrf52840.o
                0x0000000020008000                __StackTop = (ORIGIN (RAM) + LENGTH (RAM))
                0x0000000020006000                __StackLimit = (__StackTop - SIZEOF (.stack_dummy))
                0x0000000020008000                PROVIDE (__stack = __StackTop)
                0x0000000000000001                ASSERT ((__StackLimit >= __HeapLimit), region RAM overflowed with stack)
                0x0000000000000988                DataInitFlashUsed = (__bss_start__ - __data_start__)
                0x00000000000030ec                CodeFlashUsed = (__etext - ORIGIN (FLASH))
                0x0000000000003a74                TotalFlashUsed = (CodeFlashUsed + DataInitFlashUsed)
                0x0000000000000001                ASSERT ((TotalFlashUsed <= LENGTH (FLASH)), region FLASH overflowed with .data and user data)
OUTPUT(_build/radio_001.out elf32-littlearm)
LOAD linker stubs

.ARM.attributes
                0x0000000000000000       0x30
 .ARM.attributes
                0x0000000000000000       0x1e /home/raymond/gcc-arm-none-eabi-9-2020-q2-update/bin/../lib/gcc/arm-none-eabi/9.3.1/thumb/v7e-m+fp/hard/crti.o
 .ARM.attributes
                0x000000000000001e       0x34 /home/raymond/gcc-arm-none-eabi-9-2020-q2-update/bin/../lib/gcc/arm-none-eabi/9.3.1/thumb/v7e-m+fp/hard/crtbegin.o
 .ARM.attributes
                0x0000000000000052       0x1c /home/raymond/gcc-arm-none-eabi-9-2020-q2-update/bin/../lib/gcc/arm-none-eabi/9.3.1/../../../../arm-none-eabi/lib/thumb/v7e-m+fp/hard/crt0.o
 .ARM.attributes
                0x000000000000006e       0x34 /home/raymond/gcc-arm-none-eabi-9-2020-q2-update/bin/../lib/gcc/arm-none-eabi/9.3.1/../../../../arm-none-eabi/lib/thumb/v7e-m+fp/hard/libc_nano.a(lib_a-exit.o)
 .ARM.attributes
                0x00000000000000a2       0x32 /home/raymond/gcc-arm-none-eabi-9-2020-q2-update/bin/../lib/gcc/arm-none-eabi/9.3.1/../../../../arm-none-eabi/lib/thumb/v7e-m+fp/hard/libc_nano.a(lib_a-impure.o)
 .ARM.attributes
                0x00000000000000d4       0x34 /home/raymond/gcc-arm-none-eabi-9-2020-q2-update/bin/../lib/gcc/arm-none-eabi/9.3.1/../../../../arm-none-eabi/lib/thumb/v7e-m+fp/hard/libc_nano.a(lib_a-init.o)
 .ARM.attributes
                0x0000000000000108       0x34 /home/raymond/gcc-arm-none-eabi-9-2020-q2-update/bin/../lib/gcc/arm-none-eabi/9.3.1/../../../../arm-none-eabi/lib/thumb/v7e-m+fp/hard/libc_nano.a(lib_a-memset.o)
 .ARM.attributes
                0x000000000000013c       0x34 /home/raymond/gcc-arm-none-eabi-9-2020-q2-update/bin/../lib/gcc/arm-none-eabi/9.3.1/../../../../arm-none-eabi/lib/thumb/v7e-m+fp/hard/libnosys.a(_exit.o)
 .ARM.attributes
                0x0000000000000170       0x34 _build/radio_001.o
 .ARM.attributes
                0x00000000000001a4       0x34 _build/system_nrf52840.o
 .ARM.attributes
                0x00000000000001d8       0x34 _build/nrf_log_backend_serial.o
 .ARM.attributes
                0x000000000000020c       0x34 _build/nrf_log_backend_uart.o
 .ARM.attributes
                0x0000000000000240       0x34 _build/nrf_log_default_backends.o
 .ARM.attributes
                0x0000000000000274       0x34 _build/nrf_log_frontend.o
 .ARM.attributes
                0x00000000000002a8       0x34 _build/nrf_log_str_formatter.o
 .ARM.attributes
                0x00000000000002dc       0x34 _build/app_error.o
 .ARM.attributes
                0x0000000000000310       0x34 _build/app_error_weak.o
 .ARM.attributes
                0x0000000000000344       0x34 _build/app_util_platform.o
 .ARM.attributes
                0x0000000000000378       0x34 _build/nrf_atomic.o
 .ARM.attributes
                0x00000000000003ac       0x34 _build/nrf_balloc.o
 .ARM.attributes
                0x00000000000003e0       0x34 _build/nrf_fprintf.o
 .ARM.attributes
                0x0000000000000414       0x34 _build/nrf_fprintf_format.o
 .ARM.attributes
                0x0000000000000448       0x34 _build/nrf_gfx.o
 .ARM.attributes
                0x000000000000047c       0x34 _build/nrf_memobj.o
 .ARM.attributes
                0x00000000000004b0       0x34 _build/nrf_ringbuf.o
 .ARM.attributes
                0x00000000000004e4       0x34 _build/nrf_drv_clock.o
 .ARM.attributes
                0x0000000000000518       0x34 _build/nrf_drv_uart.o
 .ARM.attributes
                0x000000000000054c       0x34 _build/nrfx_clock.o
 .ARM.attributes
                0x0000000000000580       0x34 _build/nrfx_prs.o
 .ARM.attributes
                0x00000000000005b4       0x34 _build/nrfx_spim.o
 .ARM.attributes
                0x00000000000005e8       0x34 _build/nrfx_uart.o
 .ARM.attributes
                0x000000000000061c       0x34 _build/nrfx_uarte.o
 .ARM.attributes
                0x0000000000000650       0x34 _build/timer.o
 .ARM.attributes
                0x0000000000000684       0x1c _build/gcc_startup_nrf52840.o
 .ARM.attributes
                0x00000000000006a0       0x32 /home/raymond/gcc-arm-none-eabi-9-2020-q2-update/bin/../lib/gcc/arm-none-eabi/9.3.1/../../../../arm-none-eabi/lib/thumb/v7e-m+fp/hard/libc_nano.a(lib_a-ctype_.o)
 .ARM.attributes
                0x00000000000006d2       0x34 /home/raymond/gcc-arm-none-eabi-9-2020-q2-update/bin/../lib/gcc/arm-none-eabi/9.3.1/../../../../arm-none-eabi/lib/thumb/v7e-m+fp/hard/libc_nano.a(lib_a-memcpy-stub.o)
 .ARM.attributes
                0x0000000000000706       0x17 /home/raymond/gcc-arm-none-eabi-9-2020-q2-update/bin/../lib/gcc/arm-none-eabi/9.3.1/../../../../arm-none-eabi/lib/thumb/v7e-m+fp/hard/libc_nano.a(lib_a-strlen.o)
 .ARM.attributes
                0x000000000000071d       0x32 /home/raymond/gcc-arm-none-eabi-9-2020-q2-update/bin/../lib/gcc/arm-none-eabi/9.3.1/thumb/v7e-m+fp/hard/crtend.o
 .ARM.attributes
                0x000000000000074f       0x1e /home/raymond/gcc-arm-none-eabi-9-2020-q2-update/bin/../lib/gcc/arm-none-eabi/9.3.1/thumb/v7e-m+fp/hard/crtn.o

.comment        0x0000000000000000       0x4c
 .comment       0x0000000000000000       0x4c _build/radio_001.o
                                         0x4d (size before relaxing)
 .comment       0x000000000000004c       0x4d _build/system_nrf52840.o
 .comment       0x000000000000004c       0x4d _build/nrf_log_backend_serial.o
 .comment       0x000000000000004c       0x4d _build/nrf_log_backend_uart.o
 .comment       0x000000000000004c       0x4d _build/nrf_log_default_backends.o
 .comment       0x000000000000004c       0x4d _build/nrf_log_frontend.o
 .comment       0x000000000000004c       0x4d _build/nrf_log_str_formatter.o
 .comment       0x000000000000004c       0x4d _build/app_error.o
 .comment       0x000000000000004c       0x4d _build/app_error_weak.o
 .comment       0x000000000000004c       0x4d _build/app_util_platform.o
 .comment       0x000000000000004c       0x4d _build/nrf_atomic.o
 .comment       0x000000000000004c       0x4d _build/nrf_balloc.o
 .comment       0x000000000000004c       0x4d _build/nrf_fprintf.o
 .comment       0x000000000000004c       0x4d _build/nrf_fprintf_format.o
 .comment       0x000000000000004c       0x4d _build/nrf_gfx.o
 .comment       0x000000000000004c       0x4d _build/nrf_memobj.o
 .comment       0x000000000000004c       0x4d _build/nrf_ringbuf.o
 .comment       0x000000000000004c       0x4d _build/nrf_drv_clock.o
 .comment       0x000000000000004c       0x4d _build/nrf_drv_uart.o
 .comment       0x000000000000004c       0x4d _build/nrfx_clock.o
 .comment       0x000000000000004c       0x4d _build/nrfx_prs.o
 .comment       0x000000000000004c       0x4d _build/nrfx_spim.o
 .comment       0x000000000000004c       0x4d _build/nrfx_uart.o
 .comment       0x000000000000004c       0x4d _build/nrfx_uarte.o
 .comment       0x000000000000004c       0x4d _build/timer.o

.debug_frame    0x0000000000000000     0x1760
 .debug_frame   0x0000000000000000       0x28 /home/raymond/gcc-arm-none-eabi-9-2020-q2-update/bin/../lib/gcc/arm-none-eabi/9.3.1/../../../../arm-none-eabi/lib/thumb/v7e-m+fp/hard/libc_nano.a(lib_a-exit.o)
 .debug_frame   0x0000000000000028       0x2c /home/raymond/gcc-arm-none-eabi-9-2020-q2-update/bin/../lib/gcc/arm-none-eabi/9.3.1/../../../../arm-none-eabi/lib/thumb/v7e-m+fp/hard/libc_nano.a(lib_a-init.o)
 .debug_frame   0x0000000000000054       0x20 /home/raymond/gcc-arm-none-eabi-9-2020-q2-update/bin/../lib/gcc/arm-none-eabi/9.3.1/../../../../arm-none-eabi/lib/thumb/v7e-m+fp/hard/libc_nano.a(lib_a-memset.o)
 .debug_frame   0x0000000000000074       0x20 /home/raymond/gcc-arm-none-eabi-9-2020-q2-update/bin/../lib/gcc/arm-none-eabi/9.3.1/../../../../arm-none-eabi/lib/thumb/v7e-m+fp/hard/libnosys.a(_exit.o)
 .debug_frame   0x0000000000000094       0xf4 _build/radio_001.o
 .debug_frame   0x0000000000000188       0x40 _build/system_nrf52840.o
 .debug_frame   0x00000000000001c8       0x40 _build/nrf_log_backend_serial.o
 .debug_frame   0x0000000000000208       0xbc _build/nrf_log_backend_uart.o
 .debug_frame   0x00000000000002c4       0x28 _build/nrf_log_default_backends.o
 .debug_frame   0x00000000000002ec      0x2e4 _build/nrf_log_frontend.o
 .debug_frame   0x00000000000005d0       0xac _build/nrf_log_str_formatter.o
 .debug_frame   0x000000000000067c       0x54 _build/app_error.o
 .debug_frame   0x00000000000006d0       0x28 _build/app_error_weak.o
 .debug_frame   0x00000000000006f8       0x70 _build/app_util_platform.o
 .debug_frame   0x0000000000000768      0x228 _build/nrf_atomic.o
 .debug_frame   0x0000000000000990       0x6c _build/nrf_balloc.o
 .debug_frame   0x00000000000009fc       0x5c _build/nrf_fprintf.o
 .debug_frame   0x0000000000000a58       0xa8 _build/nrf_fprintf_format.o
 .debug_frame   0x0000000000000b00      0x28c _build/nrf_gfx.o
 .debug_frame   0x0000000000000d8c       0xe8 _build/nrf_memobj.o
 .debug_frame   0x0000000000000e74       0xe0 _build/nrf_ringbuf.o
 .debug_frame   0x0000000000000f54      0x16c _build/nrf_drv_clock.o
 .debug_frame   0x00000000000010c0       0x80 _build/nrf_drv_uart.o
 .debug_frame   0x0000000000001140      0x110 _build/nrfx_clock.o
 .debug_frame   0x0000000000001250       0x4c _build/nrfx_prs.o
 .debug_frame   0x000000000000129c       0xf4 _build/nrfx_spim.o
 .debug_frame   0x0000000000001390      0x18c _build/nrfx_uart.o
 .debug_frame   0x000000000000151c      0x194 _build/nrfx_uarte.o
 .debug_frame   0x00000000000016b0       0x88 _build/timer.o
 .debug_frame   0x0000000000001738       0x28 /home/raymond/gcc-arm-none-eabi-9-2020-q2-update/bin/../lib/gcc/arm-none-eabi/9.3.1/../../../../arm-none-eabi/lib/thumb/v7e-m+fp/hard/libc_nano.a(lib_a-memcpy-stub.o)

.debug_info     0x0000000000000000    0x2a44f
 .debug_info    0x0000000000000000     0x1fde _build/radio_001.o
 .debug_info    0x0000000000001fde     0x120d _build/system_nrf52840.o
 .debug_info    0x00000000000031eb     0x1202 _build/nrf_log_backend_serial.o
 .debug_info    0x00000000000043ed     0x1c80 _build/nrf_log_backend_uart.o
 .debug_info    0x000000000000606d      0xd54 _build/nrf_log_default_backends.o
 .debug_info    0x0000000000006dc1     0x45e3 _build/nrf_log_frontend.o
 .debug_info    0x000000000000b3a4     0x13e7 _build/nrf_log_str_formatter.o
 .debug_info    0x000000000000c78b      0xbac _build/app_error.o
 .debug_info    0x000000000000d337      0xfe1 _build/app_error_weak.o
 .debug_info    0x000000000000e318     0x10d9 _build/app_util_platform.o
 .debug_info    0x000000000000f3f1     0x13e4 _build/nrf_atomic.o
 .debug_info    0x00000000000107d5      0xe40 _build/nrf_balloc.o
 .debug_info    0x0000000000011615      0xb51 _build/nrf_fprintf.o
 .debug_info    0x0000000000012166     0x1574 _build/nrf_fprintf_format.o
 .debug_info    0x00000000000136da     0x2d96 _build/nrf_gfx.o
 .debug_info    0x0000000000016470     0x15d6 _build/nrf_memobj.o
 .debug_info    0x0000000000017a46      0xf3a _build/nrf_ringbuf.o
 .debug_info    0x0000000000018980     0x174e _build/nrf_drv_clock.o
 .debug_info    0x000000000001a0ce     0x1ad6 _build/nrf_drv_uart.o
 .debug_info    0x000000000001bba4     0x1c77 _build/nrfx_clock.o
 .debug_info    0x000000000001d81b     0x11aa _build/nrfx_prs.o
 .debug_info    0x000000000001e9c5     0x3633 _build/nrfx_spim.o
 .debug_info    0x0000000000021ff8     0x4235 _build/nrfx_uart.o
 .debug_info    0x000000000002622d     0x3eb9 _build/nrfx_uarte.o
 .debug_info    0x000000000002a0e6      0x369 _build/timer.o

.debug_abbrev   0x0000000000000000     0x5bf0
 .debug_abbrev  0x0000000000000000      0x412 _build/radio_001.o
 .debug_abbrev  0x0000000000000412      0x1dc _build/system_nrf52840.o
 .debug_abbrev  0x00000000000005ee      0x2cc _build/nrf_log_backend_serial.o
 .debug_abbrev  0x00000000000008ba      0x41d _build/nrf_log_backend_uart.o
 .debug_abbrev  0x0000000000000cd7      0x294 _build/nrf_log_default_backends.o
 .debug_abbrev  0x0000000000000f6b      0x615 _build/nrf_log_frontend.o
 .debug_abbrev  0x0000000000001580      0x320 _build/nrf_log_str_formatter.o
 .debug_abbrev  0x00000000000018a0      0x276 _build/app_error.o
 .debug_abbrev  0x0000000000001b16      0x2e9 _build/app_error_weak.o
 .debug_abbrev  0x0000000000001dff      0x37f _build/app_util_platform.o
 .debug_abbrev  0x000000000000217e      0x378 _build/nrf_atomic.o
 .debug_abbrev  0x00000000000024f6      0x343 _build/nrf_balloc.o
 .debug_abbrev  0x0000000000002839      0x27d _build/nrf_fprintf.o
 .debug_abbrev  0x0000000000002ab6      0x3ba _build/nrf_fprintf_format.o
 .debug_abbrev  0x0000000000002e70      0x580 _build/nrf_gfx.o
 .debug_abbrev  0x00000000000033f0      0x397 _build/nrf_memobj.o
 .debug_abbrev  0x0000000000003787      0x2b2 _build/nrf_ringbuf.o
 .debug_abbrev  0x0000000000003a39      0x535 _build/nrf_drv_clock.o
 .debug_abbrev  0x0000000000003f6e      0x2da _build/nrf_drv_uart.o
 .debug_abbrev  0x0000000000004248      0x521 _build/nrfx_clock.o
 .debug_abbrev  0x0000000000004769      0x35b _build/nrfx_prs.o
 .debug_abbrev  0x0000000000004ac4      0x50f _build/nrfx_spim.o
 .debug_abbrev  0x0000000000004fd3      0x56b _build/nrfx_uart.o
 .debug_abbrev  0x000000000000553e      0x54a _build/nrfx_uarte.o
 .debug_abbrev  0x0000000000005a88      0x168 _build/timer.o

.debug_loc      0x0000000000000000    0x10b8b
 .debug_loc     0x0000000000000000      0x274 _build/radio_001.o
 .debug_loc     0x0000000000000274      0x186 _build/nrf_log_backend_serial.o
 .debug_loc     0x00000000000003fa      0x334 _build/nrf_log_backend_uart.o
 .debug_loc     0x000000000000072e       0x17 _build/nrf_log_default_backends.o
 .debug_loc     0x0000000000000745     0x4d6c _build/nrf_log_frontend.o
 .debug_loc     0x00000000000054b1      0x486 _build/nrf_log_str_formatter.o
 .debug_loc     0x0000000000005937       0xc8 _build/app_error.o
 .debug_loc     0x00000000000059ff       0x6f _build/app_error_weak.o
 .debug_loc     0x0000000000005a6e      0x11a _build/app_util_platform.o
 .debug_loc     0x0000000000005b88      0x587 _build/nrf_atomic.o
 .debug_loc     0x000000000000610f      0x285 _build/nrf_balloc.o
 .debug_loc     0x0000000000006394       0x54 _build/nrf_fprintf.o
 .debug_loc     0x00000000000063e8     0x104a _build/nrf_fprintf_format.o
 .debug_loc     0x0000000000007432     0x25de _build/nrf_gfx.o
 .debug_loc     0x0000000000009a10     0x100c _build/nrf_memobj.o
 .debug_loc     0x000000000000aa1c      0x66a _build/nrf_ringbuf.o
 .debug_loc     0x000000000000b086      0x370 _build/nrf_drv_clock.o
 .debug_loc     0x000000000000b3f6      0x1d6 _build/nrf_drv_uart.o
 .debug_loc     0x000000000000b5cc      0x302 _build/nrfx_clock.o
 .debug_loc     0x000000000000b8ce      0x10e _build/nrfx_prs.o
 .debug_loc     0x000000000000b9dc     0x14d5 _build/nrfx_spim.o
 .debug_loc     0x000000000000ceb1     0x1f80 _build/nrfx_uart.o
 .debug_loc     0x000000000000ee31     0x1d45 _build/nrfx_uarte.o
 .debug_loc     0x0000000000010b76       0x15 _build/timer.o

.debug_aranges  0x0000000000000000      0x7d0
 .debug_aranges
                0x0000000000000000       0x60 _build/radio_001.o
 .debug_aranges
                0x0000000000000060       0x28 _build/system_nrf52840.o
 .debug_aranges
                0x0000000000000088       0x20 _build/nrf_log_backend_serial.o
 .debug_aranges
                0x00000000000000a8       0x48 _build/nrf_log_backend_uart.o
 .debug_aranges
                0x00000000000000f0       0x20 _build/nrf_log_default_backends.o
 .debug_aranges
                0x0000000000000110       0xb8 _build/nrf_log_frontend.o
 .debug_aranges
                0x00000000000001c8       0x38 _build/nrf_log_str_formatter.o
 .debug_aranges
                0x0000000000000200       0x28 _build/app_error.o
 .debug_aranges
                0x0000000000000228       0x20 _build/app_error_weak.o
 .debug_aranges
                0x0000000000000248       0x48 _build/app_util_platform.o
 .debug_aranges
                0x0000000000000290       0xb0 _build/nrf_atomic.o
 .debug_aranges
                0x0000000000000340       0x30 _build/nrf_balloc.o
 .debug_aranges
                0x0000000000000370       0x28 _build/nrf_fprintf.o
 .debug_aranges
                0x0000000000000398       0x28 _build/nrf_fprintf_format.o
 .debug_aranges
                0x00000000000003c0       0xa0 _build/nrf_gfx.o
 .debug_aranges
                0x0000000000000460       0x50 _build/nrf_memobj.o
 .debug_aranges
                0x00000000000004b0       0x50 _build/nrf_ringbuf.o
 .debug_aranges
                0x0000000000000500       0x80 _build/nrf_drv_clock.o
 .debug_aranges
                0x0000000000000580       0x30 _build/nrf_drv_uart.o
 .debug_aranges
                0x00000000000005b0       0x78 _build/nrfx_clock.o
 .debug_aranges
                0x0000000000000628       0x30 _build/nrfx_prs.o
 .debug_aranges
                0x0000000000000658       0x50 _build/nrfx_spim.o
 .debug_aranges
                0x00000000000006a8       0x78 _build/nrfx_uart.o
 .debug_aranges
                0x0000000000000720       0x68 _build/nrfx_uarte.o
 .debug_aranges
                0x0000000000000788       0x48 _build/timer.o

.debug_ranges   0x0000000000000000     0x3258
 .debug_ranges  0x0000000000000000      0x1a8 _build/radio_001.o
 .debug_ranges  0x00000000000001a8       0x40 _build/system_nrf52840.o
 .debug_ranges  0x00000000000001e8       0x28 _build/nrf_log_backend_serial.o
 .debug_ranges  0x0000000000000210      0x110 _build/nrf_log_backend_uart.o
 .debug_ranges  0x0000000000000320       0x10 _build/nrf_log_default_backends.o
 .debug_ranges  0x0000000000000330      0xb00 _build/nrf_log_frontend.o
 .debug_ranges  0x0000000000000e30       0xa8 _build/nrf_log_str_formatter.o
 .debug_ranges  0x0000000000000ed8       0x18 _build/app_error.o
 .debug_ranges  0x0000000000000ef0       0x28 _build/app_error_weak.o
 .debug_ranges  0x0000000000000f18       0x50 _build/app_util_platform.o
 .debug_ranges  0x0000000000000f68      0x228 _build/nrf_atomic.o
 .debug_ranges  0x0000000000001190       0x40 _build/nrf_balloc.o
 .debug_ranges  0x00000000000011d0       0x18 _build/nrf_fprintf.o
 .debug_ranges  0x00000000000011e8      0x338 _build/nrf_fprintf_format.o
 .debug_ranges  0x0000000000001520      0x798 _build/nrf_gfx.o
 .debug_ranges  0x0000000000001cb8       0xb8 _build/nrf_memobj.o
 .debug_ranges  0x0000000000001d70       0x40 _build/nrf_ringbuf.o
 .debug_ranges  0x0000000000001db0      0x160 _build/nrf_drv_clock.o
 .debug_ranges  0x0000000000001f10       0x20 _build/nrf_drv_uart.o
 .debug_ranges  0x0000000000001f30      0x2a8 _build/nrfx_clock.o
 .debug_ranges  0x00000000000021d8       0x38 _build/nrfx_prs.o
 .debug_ranges  0x0000000000002210      0x3e8 _build/nrfx_spim.o
 .debug_ranges  0x00000000000025f8      0x6a8 _build/nrfx_uart.o
 .debug_ranges  0x0000000000002ca0      0x580 _build/nrfx_uarte.o
 .debug_ranges  0x0000000000003220       0x38 _build/timer.o

.debug_macro    0x0000000000000000    0x1f410
 .debug_macro   0x0000000000000000      0x52a _build/radio_001.o
 .debug_macro   0x000000000000052a      0xaa2 _build/radio_001.o
 .debug_macro   0x0000000000000fcc       0x10 _build/radio_001.o
 .debug_macro   0x0000000000000fdc       0x22 _build/radio_001.o
 .debug_macro   0x0000000000000ffe       0x3b _build/radio_001.o
 .debug_macro   0x0000000000001039       0x22 _build/radio_001.o
 .debug_macro   0x000000000000105b       0x8e _build/radio_001.o
 .debug_macro   0x00000000000010e9       0x51 _build/radio_001.o
 .debug_macro   0x000000000000113a      0x103 _build/radio_001.o
 .debug_macro   0x000000000000123d       0x6a _build/radio_001.o
 .debug_macro   0x00000000000012a7      0x1df _build/radio_001.o
 .debug_macro   0x0000000000001486       0x35 _build/radio_001.o
 .debug_macro   0x00000000000014bb       0x50 _build/radio_001.o
 .debug_macro   0x000000000000150b      0xe66 _build/radio_001.o
 .debug_macro   0x0000000000002371      0x402 _build/radio_001.o
 .debug_macro   0x0000000000002773    0x10c7a _build/radio_001.o
 .debug_macro   0x00000000000133ed      0xa65 _build/radio_001.o
 .debug_macro   0x0000000000013e52       0x96 _build/radio_001.o
 .debug_macro   0x0000000000013ee8       0x26 _build/radio_001.o
 .debug_macro   0x0000000000013f0e       0x22 _build/radio_001.o
 .debug_macro   0x0000000000013f30     0x2012 _build/radio_001.o
 .debug_macro   0x0000000000015f42      0x16d _build/radio_001.o
 .debug_macro   0x00000000000160af      0x429 _build/radio_001.o
 .debug_macro   0x00000000000164d8       0x52 _build/radio_001.o
 .debug_macro   0x000000000001652a      0xe54 _build/radio_001.o
 .debug_macro   0x000000000001737e      0x148 _build/radio_001.o
 .debug_macro   0x00000000000174c6       0x16 _build/radio_001.o
 .debug_macro   0x00000000000174dc      0x16d _build/radio_001.o
 .debug_macro   0x0000000000017649      0x7bc _build/radio_001.o
 .debug_macro   0x0000000000017e05       0x3f _build/radio_001.o
 .debug_macro   0x0000000000017e44       0x64 _build/radio_001.o
 .debug_macro   0x0000000000017ea8       0x18 _build/radio_001.o
 .debug_macro   0x0000000000017ec0       0x35 _build/radio_001.o
 .debug_macro   0x0000000000017ef5       0x34 _build/radio_001.o
 .debug_macro   0x0000000000017f29       0x16 _build/radio_001.o
 .debug_macro   0x0000000000017f3f       0x35 _build/radio_001.o
 .debug_macro   0x0000000000017f74      0x35c _build/radio_001.o
 .debug_macro   0x00000000000182d0       0x10 _build/radio_001.o
 .debug_macro   0x00000000000182e0       0x16 _build/radio_001.o
 .debug_macro   0x00000000000182f6       0x43 _build/radio_001.o
 .debug_macro   0x0000000000018339       0x34 _build/radio_001.o
 .debug_macro   0x000000000001836d       0x10 _build/radio_001.o
 .debug_macro   0x000000000001837d       0x58 _build/radio_001.o
 .debug_macro   0x00000000000183d5      0x182 _build/radio_001.o
 .debug_macro   0x0000000000018557       0x10 _build/radio_001.o
 .debug_macro   0x0000000000018567       0x1c _build/radio_001.o
 .debug_macro   0x0000000000018583       0x52 _build/radio_001.o
 .debug_macro   0x00000000000185d5       0x22 _build/radio_001.o
 .debug_macro   0x00000000000185f7       0x10 _build/radio_001.o
 .debug_macro   0x0000000000018607       0x40 _build/radio_001.o
 .debug_macro   0x0000000000018647       0xd5 _build/radio_001.o
 .debug_macro   0x000000000001871c       0x1c _build/radio_001.o
 .debug_macro   0x0000000000018738       0x3d _build/radio_001.o
 .debug_macro   0x0000000000018775       0x16 _build/radio_001.o
 .debug_macro   0x000000000001878b      0x16f _build/radio_001.o
 .debug_macro   0x00000000000188fa       0x8e _build/radio_001.o
 .debug_macro   0x0000000000018988       0xa7 _build/radio_001.o
 .debug_macro   0x0000000000018a2f       0x49 _build/radio_001.o
 .debug_macro   0x0000000000018a78       0x8c _build/radio_001.o
 .debug_macro   0x0000000000018b04       0x19 _build/radio_001.o
 .debug_macro   0x0000000000018b1d       0x1d _build/radio_001.o
 .debug_macro   0x0000000000018b3a       0x35 _build/radio_001.o
 .debug_macro   0x0000000000018b6f       0x7b _build/radio_001.o
 .debug_macro   0x0000000000018bea       0x64 _build/radio_001.o
 .debug_macro   0x0000000000018c4e       0x20 _build/radio_001.o
 .debug_macro   0x0000000000018c6e       0x16 _build/radio_001.o
 .debug_macro   0x0000000000018c84       0x10 _build/radio_001.o
 .debug_macro   0x0000000000018c94      0x208 _build/radio_001.o
 .debug_macro   0x0000000000018e9c      0x16d _build/radio_001.o
 .debug_macro   0x0000000000019009       0x16 _build/radio_001.o
 .debug_macro   0x000000000001901f       0x22 _build/radio_001.o
 .debug_macro   0x0000000000019041       0x54 _build/radio_001.o
 .debug_macro   0x0000000000019095       0x37 _build/radio_001.o
 .debug_macro   0x00000000000190cc       0x16 _build/radio_001.o
 .debug_macro   0x00000000000190e2       0x55 _build/radio_001.o
 .debug_macro   0x0000000000019137      0x185 _build/radio_001.o
 .debug_macro   0x00000000000192bc       0x9a _build/radio_001.o
 .debug_macro   0x0000000000019356       0x2e _build/radio_001.o
 .debug_macro   0x0000000000019384       0x16 _build/radio_001.o
 .debug_macro   0x000000000001939a       0x16 _build/radio_001.o
 .debug_macro   0x00000000000193b0       0x29 _build/radio_001.o
 .debug_macro   0x00000000000193d9       0x9e _build/radio_001.o
 .debug_macro   0x0000000000019477       0x10 _build/radio_001.o
 .debug_macro   0x0000000000019487       0x1d _build/radio_001.o
 .debug_macro   0x00000000000194a4       0x1c _build/radio_001.o
 .debug_macro   0x00000000000194c0       0x10 _build/radio_001.o
 .debug_macro   0x00000000000194d0       0xf6 _build/system_nrf52840.o
 .debug_macro   0x00000000000195c6       0x3b _build/system_nrf52840.o
 .debug_macro   0x0000000000019601      0x3f4 _build/nrf_log_backend_serial.o
 .debug_macro   0x00000000000199f5       0x1c _build/nrf_log_backend_serial.o
 .debug_macro   0x0000000000019a11       0x31 _build/nrf_log_backend_serial.o
 .debug_macro   0x0000000000019a42       0x98 _build/nrf_log_backend_serial.o
 .debug_macro   0x0000000000019ada      0x4d1 _build/nrf_log_backend_uart.o
 .debug_macro   0x0000000000019fab       0x5a _build/nrf_log_backend_uart.o
 .debug_macro   0x000000000001a005       0xac _build/nrf_log_backend_uart.o
 .debug_macro   0x000000000001a0b1       0x10 _build/nrf_log_backend_uart.o
 .debug_macro   0x000000000001a0c1       0x10 _build/nrf_log_backend_uart.o
 .debug_macro   0x000000000001a0d1       0x16 _build/nrf_log_backend_uart.o
 .debug_macro   0x000000000001a0e7       0x10 _build/nrf_log_backend_uart.o
 .debug_macro   0x000000000001a0f7       0x10 _build/nrf_log_backend_uart.o
 .debug_macro   0x000000000001a107       0x3f _build/nrf_log_backend_uart.o
 .debug_macro   0x000000000001a146      0x3e9 _build/nrf_log_default_backends.o
 .debug_macro   0x000000000001a52f       0x10 _build/nrf_log_default_backends.o
 .debug_macro   0x000000000001a53f      0x46a _build/nrf_log_frontend.o
 .debug_macro   0x000000000001a9a9      0x43a _build/nrf_log_str_formatter.o
 .debug_macro   0x000000000001ade3      0x11f _build/nrf_log_str_formatter.o
 .debug_macro   0x000000000001af02      0x285 _build/app_error.o
 .debug_macro   0x000000000001b187       0x97 _build/app_error.o
 .debug_macro   0x000000000001b21e       0xf6 _build/app_error.o
 .debug_macro   0x000000000001b314      0x3e8 _build/app_error_weak.o
 .debug_macro   0x000000000001b6fc       0x92 _build/app_error_weak.o
 .debug_macro   0x000000000001b78e      0x29b _build/app_util_platform.o
 .debug_macro   0x000000000001ba29      0x23a _build/nrf_atomic.o
 .debug_macro   0x000000000001bc63       0x42 _build/nrf_atomic.o
 .debug_macro   0x000000000001bca5      0x3a4 _build/nrf_balloc.o
 .debug_macro   0x000000000001c049       0x10 _build/nrf_balloc.o
 .debug_macro   0x000000000001c059      0x246 _build/nrf_fprintf.o
 .debug_macro   0x000000000001c29f       0x58 _build/nrf_fprintf.o
 .debug_macro   0x000000000001c2f7      0x258 _build/nrf_fprintf_format.o
 .debug_macro   0x000000000001c54f      0x47c _build/nrf_gfx.o
 .debug_macro   0x000000000001c9cb       0x1d _build/nrf_gfx.o
 .debug_macro   0x000000000001c9e8      0x17f _build/nrf_gfx.o
 .debug_macro   0x000000000001cb67      0x390 _build/nrf_memobj.o
 .debug_macro   0x000000000001cef7      0x10e _build/nrf_memobj.o
 .debug_macro   0x000000000001d005       0x86 _build/nrf_memobj.o
 .debug_macro   0x000000000001d08b      0x332 _build/nrf_ringbuf.o
 .debug_macro   0x000000000001d3bd      0x483 _build/nrf_drv_clock.o
 .debug_macro   0x000000000001d840       0x22 _build/nrf_drv_clock.o
 .debug_macro   0x000000000001d862       0x10 _build/nrf_drv_clock.o
 .debug_macro   0x000000000001d872      0x3c3 _build/nrf_drv_uart.o
 .debug_macro   0x000000000001dc35      0x461 _build/nrfx_clock.o
 .debug_macro   0x000000000001e096       0x1c _build/nrfx_clock.o
 .debug_macro   0x000000000001e0b2       0x42 _build/nrfx_clock.o
 .debug_macro   0x000000000001e0f4      0x44e _build/nrfx_prs.o
 .debug_macro   0x000000000001e542       0x28 _build/nrfx_prs.o
 .debug_macro   0x000000000001e56a      0x481 _build/nrfx_spim.o
 .debug_macro   0x000000000001e9eb       0x1c _build/nrfx_spim.o
 .debug_macro   0x000000000001ea07      0x469 _build/nrfx_uart.o
 .debug_macro   0x000000000001ee70      0x487 _build/nrfx_uarte.o
 .debug_macro   0x000000000001f2f7       0x10 _build/nrfx_uarte.o
 .debug_macro   0x000000000001f307      0x109 _build/timer.o

.debug_line     0x0000000000000000    0x16402
 .debug_line    0x0000000000000000     0x120a _build/radio_001.o
 .debug_line    0x000000000000120a      0x55e _build/system_nrf52840.o
 .debug_line    0x0000000000001768      0x8e4 _build/nrf_log_backend_serial.o
 .debug_line    0x000000000000204c      0xc01 _build/nrf_log_backend_uart.o
 .debug_line    0x0000000000002c4d      0x7bf _build/nrf_log_default_backends.o
 .debug_line    0x000000000000340c     0x2c1d _build/nrf_log_frontend.o
 .debug_line    0x0000000000006029      0xa1b _build/nrf_log_str_formatter.o
 .debug_line    0x0000000000006a44      0x5d6 _build/app_error.o
 .debug_line    0x000000000000701a      0x8a7 _build/app_error_weak.o
 .debug_line    0x00000000000078c1      0x696 _build/app_util_platform.o
 .debug_line    0x0000000000007f57      0x895 _build/nrf_atomic.o
 .debug_line    0x00000000000087ec      0x908 _build/nrf_balloc.o
 .debug_line    0x00000000000090f4      0x551 _build/nrf_fprintf.o
 .debug_line    0x0000000000009645      0xf2a _build/nrf_fprintf_format.o
 .debug_line    0x000000000000a56f     0x226c _build/nrf_gfx.o
 .debug_line    0x000000000000c7db      0xba6 _build/nrf_memobj.o
 .debug_line    0x000000000000d381      0x9fa _build/nrf_ringbuf.o
 .debug_line    0x000000000000dd7b      0xdce _build/nrf_drv_clock.o
 .debug_line    0x000000000000eb49      0x871 _build/nrf_drv_uart.o
 .debug_line    0x000000000000f3ba      0xf35 _build/nrfx_clock.o
 .debug_line    0x00000000000102ef      0x963 _build/nrfx_prs.o
 .debug_line    0x0000000000010c52     0x1715 _build/nrfx_spim.o
 .debug_line    0x0000000000012367     0x1f44 _build/nrfx_uart.o
 .debug_line    0x00000000000142ab     0x1c56 _build/nrfx_uarte.o
 .debug_line    0x0000000000015f01      0x501 _build/timer.o

.debug_str      0x0000000000000000    0x9bc84
 .debug_str     0x0000000000000000    0x938b6 _build/radio_001.o
                                      0x95fff (size before relaxing)
 .debug_str     0x00000000000938b6      0x40c _build/system_nrf52840.o
                                      0x73b58 (size before relaxing)
 .debug_str     0x0000000000093cc2      0x3ab _build/nrf_log_backend_serial.o
                                      0x8cd41 (size before relaxing)
 .debug_str     0x000000000009406d     0x10f5 _build/nrf_log_backend_uart.o
                                      0x94cf4 (size before relaxing)
 .debug_str     0x0000000000095162       0xa0 _build/nrf_log_default_backends.o
                                      0x8caf8 (size before relaxing)
 .debug_str     0x0000000000095202      0xba9 _build/nrf_log_frontend.o
                                      0x8dfa3 (size before relaxing)
 .debug_str     0x0000000000095dab      0xaf5 _build/nrf_log_str_formatter.o
                                      0x8d6b2 (size before relaxing)
 .debug_str     0x00000000000968a0       0xf4 _build/app_error.o
                                      0x78894 (size before relaxing)
 .debug_str     0x0000000000096994       0x7b _build/app_error_weak.o
                                      0x8d1c1 (size before relaxing)
 .debug_str     0x0000000000096a0f      0x3ec _build/app_util_platform.o
                                      0x790cb (size before relaxing)
 .debug_str     0x0000000000096dfb      0x6b9 _build/nrf_atomic.o
                                      0x88266 (size before relaxing)
 .debug_str     0x00000000000974b4      0x164 _build/nrf_balloc.o
                                      0x8ca90 (size before relaxing)
 .debug_str     0x0000000000097618      0x132 _build/nrf_fprintf.o
                                      0x87ebf (size before relaxing)
 .debug_str     0x000000000009774a      0x11d _build/nrf_fprintf_format.o
                                      0x87fb4 (size before relaxing)
 .debug_str     0x0000000000097867      0x619 _build/nrf_gfx.o
                                      0x935c4 (size before relaxing)
 .debug_str     0x0000000000097e80      0x1ac _build/nrf_memobj.o
                                      0x8aeaa (size before relaxing)
 .debug_str     0x000000000009802c       0xdc _build/nrf_ringbuf.o
                                      0x89546 (size before relaxing)
 .debug_str     0x0000000000098108      0x89c _build/nrf_drv_clock.o
                                      0x93910 (size before relaxing)
 .debug_str     0x00000000000989a4      0x470 _build/nrf_drv_uart.o
                                      0x914a8 (size before relaxing)
 .debug_str     0x0000000000098e14      0x79f _build/nrfx_clock.o
                                      0x93f73 (size before relaxing)
 .debug_str     0x00000000000995b3      0x346 _build/nrfx_prs.o
                                      0x936e5 (size before relaxing)
 .debug_str     0x00000000000998f9     0x1320 _build/nrfx_spim.o
                                      0x94ca0 (size before relaxing)
 .debug_str     0x000000000009ac19      0x682 _build/nrfx_uart.o
                                      0x948cd (size before relaxing)
 .debug_str     0x000000000009b29b      0x95e _build/nrfx_uarte.o
                                      0x94d6d (size before relaxing)
 .debug_str     0x000000000009bbf9       0x8b _build/timer.o
                                      0x736b2 (size before relaxing)
